npm warn exec The following package was not found and will be installed: file:c:/Project/CLI/Template/cli/nikhilbhatt-dev-1.0.0.tgz

╔══════════════════════════════════════╗
║          NikhilBhatt-dev             ║
║       Backend Generator CLI          ║
╚══════════════════════════════════════╝

📁 Template found: C:\Users\nikhi\AppData\Local\npm-cache\_npx\d8db6d50aa556859\node_modules\nikhilbhatt-dev\template\backend
✅ Backend project "my-backend" created successfully!
   Location: c:\Project\CLI\Template\cli\_repro\my-backend

Do you want to install dependencies now? (y/n): 
📦 Installing dependencies, please wait...


added 170 packages, and audited 171 packages in 3s

39 packages are looking for funding
  run `npm fund` for details

1 high severity vulnerability

To address all issues, run:
  npm audit fix

Run `npm audit` for details.

✅ Dependencies installed successfully!
   Run "cd my-backend" and then "npm run dev" to start the server.
=== CLI EXIT: 0 
